dramc_pi_calibration_api.c:2754:13:TxWinTransferDelayToUIPI.isra.0	4	static
dramc_pi_calibration_api.c:1206:13:Set_RX_DQM_DelayLine_Phy_Byte.isra.1	0	static
dramc_pi_calibration_api.c:1169:13:Set_RX_DQ_DelayLine_Phy_Byte.isra.3	16	static
dramc_pi_calibration_api.c:910:22:ExecuteMoveDramCDelay.isra.5	16	static
dramc_pi_calibration_api.c:949:13:MoveDramC_TX_DQS.isra.6	24	static
dramc_pi_calibration_api.c:998:13:MoveDramC_TX_DQS_OEN.isra.8	24	static
dramc_pi_calibration_api.c:1049:13:MoveDramC_TX_DQ.isra.10	40	static
dramc_pi_calibration_api.c:1248:13:vSetDramMRWriteLevelingOnOff	0	static
dramc_pi_calibration_api.c:46:6:vPrintCalibrationBasicInfo	24	static
dramc_pi_calibration_api.c:58:6:vIO32WriteFldAlign_Phy_All	8	static
dramc_pi_calibration_api.c:821:6:O1PathOnOff.part.17	8	static
dramc_pi_calibration_api.c:68:6:vApplyConfigAfterCalibration	16	static
dramc_pi_calibration_api.c:112:6:vApplyConfigBeforeCalibration	16	static
dramc_pi_calibration_api.c:160:6:vApplyConfigBeforeCalibration_PC2	16	static
dramc_pi_calibration_api.c:208:6:DramPhyReset	56	static
dramc_pi_calibration_api.c:2069:13:SetRxDqDqsDelay	32	static
dramc_pi_calibration_api.c:2498:13:dle_factor_handler	8	static
dramc_pi_calibration_api.c:260:6:DramcSwImpedanceSaveRegister	16	static
dramc_pi_calibration_api.c:276:15:DramcSwImpedanceCal	24	static
dramc_pi_calibration_api.c:821:6:O1PathOnOff	8	static
dramc_pi_calibration_api.c:1267:15:DramcWriteLeveling	104	static
dramc_pi_calibration_api.c:1659:15:DramcRxdqsGatingCal	152	static
dramc_pi_calibration_api.c:2129:15:DramcRxWindowPerbitCal	432	static
dramc_pi_calibration_api.c:2577:4:DramcRxdatlatScan	64	static
dramc_pi_calibration_api.c:2718:15:DramcRxdatlatCal	8	static
dramc_pi_calibration_api.c:2789:15:DramcTxWindowPerbitCal	616	static
dramc_pi_calibration_api.c:3244:15:DramcRxWindowPerbitCalForEyeScan	432	static
dramc_pi_calibration_api.c:3621:6:EyeScanRxVref	32	static
dramc_pi_calibration_api.c:3770:15:DramcRxdqsGatingCalForEyeScan	144	static
dramc_pi_calibration_api.c:4175:1:EyeScanCAVref	40	static
dramc_pi_calibration_api.c:4315:15:DramcTxWindowPerbitCalForEyeScan	624	static
dramc_pi_calibration_api.c:4765:6:EyeScanTxVref	32	static
dramc_pi_calibration_api.c:4882:15:DramcTxWindowPerbitCalForCLKDQS	424	static
dramc_pi_calibration_api.c:5332:6:DramcCLKDqsScan	24	static
