dramc_pi_basic_api.c:89:6:vDramcACTimingOptimize	32	static
dramc_pi_basic_api.c:125:6:v4bitPinmuxEnableVerify	16	static
dramc_pi_basic_api.c:206:6:RISCWriteDRAM	0	static
dramc_pi_basic_api.c:212:6:RISCWriteDDRPHY	0	static
dramc_pi_basic_api.c:217:6:RISCWrite	0	static
dramc_pi_basic_api.c:222:14:RISCRead	0	static
dramc_pi_basic_api.c:228:6:DDRPhyPLLSetting_MT7626	24	static
dramc_pi_basic_api.c:2952:6:DramcEnterSelfRefresh	8	static
dramc_pi_basic_api.c:3069:6:DramcDumpDebugInfo	8	static
dramc_pi_basic_api.c:3094:6:EnableDramcPhyDCM	16	static
dramc_pi_basic_api.c:3123:6:HwSaveForSR	16	static
dramc_pi_basic_api.c:3132:6:DramcRunTimeConfig	8	static
dramc_pi_basic_api.c:3169:6:DramcSetRankEngine2	16	static
dramc_pi_basic_api.c:3198:5:DramcEngine2	48	static
dramc_pi_basic_api.c:3450:5:TestEngineCompare	32	static
dramc_pi_basic_api.c:3512:6:DramcRegDumpRange	16	static
dramc_pi_basic_api.c:3522:15:DramcRegDump	8	static
dramc_pi_basic_api.c:3537:6:DramcModeRegRead	16	static
dramc_pi_basic_api.c:3563:6:DramcModeRegWrite	16	static
dramc_pi_basic_api.c:3587:6:DramcModeRegWrite_PC3	8	static
dramc_pi_basic_api.c:2315:15:DramcSetting_MT7626_PC2	24	static
dramc_pi_basic_api.c:2917:15:DramcInit	24	static
dramc_pi_basic_api.c:3612:6:DramcHWDQSGatingTracking_DVT	0	static
dramc_pi_basic_api.c:3668:6:DramcHWGatingInit	0	static
dramc_pi_basic_api.c:3690:6:DramcHWGatingOnOff	8	static
dramc_pi_basic_api.c:3703:6:DramcPrintHWGatingStatus	0	static
dramc_pi_basic_api.c:3753:4:u1GetMR4RefreshRate	16	static
