dramc_pi_calibration_api.c:1201:13:Set_RX_DQM_DelayLine_Phy_Byte.isra.1	0	static
dramc_pi_calibration_api.c:1164:13:Set_RX_DQ_DelayLine_Phy_Byte.isra.3	16	static
dramc_pi_calibration_api.c:905:22:ExecuteMoveDramCDelay.isra.4	16	static
dramc_pi_calibration_api.c:944:13:MoveDramC_TX_DQS.isra.5	24	static
dramc_pi_calibration_api.c:993:13:MoveDramC_TX_DQS_OEN.isra.7	24	static
dramc_pi_calibration_api.c:1044:13:MoveDramC_TX_DQ.isra.9	40	static
dramc_pi_calibration_api.c:1243:13:vSetDramMRWriteLevelingOnOff	0	static
dramc_pi_calibration_api.c:46:6:vPrintCalibrationBasicInfo	0	static
dramc_pi_calibration_api.c:58:6:vIO32WriteFldAlign_Phy_All	8	static
dramc_pi_calibration_api.c:816:6:O1PathOnOff.part.14	8	static
dramc_pi_calibration_api.c:68:6:vApplyConfigAfterCalibration	16	static
dramc_pi_calibration_api.c:112:6:vApplyConfigBeforeCalibration	16	static
dramc_pi_calibration_api.c:155:6:vApplyConfigBeforeCalibration_PC2	16	static
dramc_pi_calibration_api.c:203:6:DramPhyReset	56	static
dramc_pi_calibration_api.c:2064:13:SetRxDqDqsDelay	32	static
dramc_pi_calibration_api.c:2530:13:dle_factor_handler	8	static
dramc_pi_calibration_api.c:255:6:DramcSwImpedanceSaveRegister	16	static
dramc_pi_calibration_api.c:271:15:DramcSwImpedanceCal	24	static
dramc_pi_calibration_api.c:816:6:O1PathOnOff	8	static
dramc_pi_calibration_api.c:1262:15:DramcWriteLeveling	96	static
dramc_pi_calibration_api.c:1654:15:DramcRxdqsGatingCal	144	static
dramc_pi_calibration_api.c:2125:15:DramcRxWindowPerbitCal	448	static
dramc_pi_calibration_api.c:2609:4:DramcRxdatlatScan	56	static
dramc_pi_calibration_api.c:2754:15:DramcRxdatlatCal	8	static
dramc_pi_calibration_api.c:2825:15:DramcTxWindowPerbitCal	608	static
