dramc_pi_basic_api.c:89:6:vDramcACTimingOptimize	16	static
dramc_pi_basic_api.c:125:6:v4bitPinmuxEnableVerify	16	static
dramc_pi_basic_api.c:206:6:RISCWriteDRAM	0	static
dramc_pi_basic_api.c:212:6:RISCWriteDDRPHY	0	static
dramc_pi_basic_api.c:217:6:RISCWrite	0	static
dramc_pi_basic_api.c:222:14:RISCRead	0	static
dramc_pi_basic_api.c:228:6:DDRPhyPLLSetting_MT7626	24	static
dramc_pi_basic_api.c:2840:6:DramcEnterSelfRefresh	8	static
dramc_pi_basic_api.c:2957:6:DramcDumpDebugInfo	8	static
dramc_pi_basic_api.c:2982:6:EnableDramcPhyDCM	16	static
dramc_pi_basic_api.c:3011:6:HwSaveForSR	16	static
dramc_pi_basic_api.c:3020:6:DramcRunTimeConfig	8	static
dramc_pi_basic_api.c:3057:6:DramcSetRankEngine2	16	static
dramc_pi_basic_api.c:3086:5:DramcEngine2	48	static
dramc_pi_basic_api.c:3338:5:TestEngineCompare	32	static
dramc_pi_basic_api.c:3400:6:DramcRegDumpRange	16	static
dramc_pi_basic_api.c:3410:15:DramcRegDump	8	static
dramc_pi_basic_api.c:3425:6:DramcModeRegRead	8	static
dramc_pi_basic_api.c:3451:6:DramcModeRegWrite	8	static
dramc_pi_basic_api.c:3473:6:DramcModeRegWrite_PC3	8	static
dramc_pi_basic_api.c:2805:15:DramcInit	24	static
dramc_pi_basic_api.c:3498:6:DramcHWDQSGatingTracking_DVT	0	static
dramc_pi_basic_api.c:3554:6:DramcHWGatingInit	0	static
dramc_pi_basic_api.c:3576:6:DramcHWGatingOnOff	8	static
dramc_pi_basic_api.c:3589:6:DramcPrintHWGatingStatus	0	static
dramc_pi_basic_api.c:3639:4:u1GetMR4RefreshRate	16	static
