dramc_pi_basic_api.c:91:6:vDramcACTimingOptimize	16	static
dramc_pi_basic_api.c:127:6:v4bitPinmuxEnableVerify	16	static
dramc_pi_basic_api.c:208:6:RISCWriteDRAM	0	static
dramc_pi_basic_api.c:214:6:RISCWriteDDRPHY	0	static
dramc_pi_basic_api.c:219:6:RISCWrite	0	static
dramc_pi_basic_api.c:224:14:RISCRead	0	static
dramc_pi_basic_api.c:230:6:DDRPhyPLLSetting_MT7626	24	static
dramc_pi_basic_api.c:2966:6:DramcEnterSelfRefresh	8	static
dramc_pi_basic_api.c:3083:6:DramcDumpDebugInfo	8	static
dramc_pi_basic_api.c:3108:6:EnableDramcPhyDCM	16	static
dramc_pi_basic_api.c:3137:6:HwSaveForSR	16	static
dramc_pi_basic_api.c:3146:6:DramcRunTimeConfig	8	static
dramc_pi_basic_api.c:3183:6:DramcSetRankEngine2	16	static
dramc_pi_basic_api.c:3212:5:DramcEngine2	48	static
dramc_pi_basic_api.c:3464:5:TestEngineCompare	32	static
dramc_pi_basic_api.c:3526:6:DramcRegDumpRange	16	static
dramc_pi_basic_api.c:3536:15:DramcRegDump	8	static
dramc_pi_basic_api.c:3551:6:DramcModeRegRead	8	static
dramc_pi_basic_api.c:3577:6:DramcModeRegWrite	8	static
dramc_pi_basic_api.c:3601:6:DramcModeRegWrite_PC3	8	static
dramc_pi_basic_api.c:2322:15:DramcSetting_MT7626_PC2	24	static
dramc_pi_basic_api.c:2931:15:DramcInit	24	static
dramc_pi_basic_api.c:3626:6:DramcHWDQSGatingTracking_DVT	0	static
dramc_pi_basic_api.c:3682:6:DramcHWGatingInit	0	static
dramc_pi_basic_api.c:3704:6:DramcHWGatingOnOff	8	static
dramc_pi_basic_api.c:3717:6:DramcPrintHWGatingStatus	0	static
dramc_pi_basic_api.c:3767:4:u1GetMR4RefreshRate	16	static
