dramc_pi_calibration_api.c:1210:13:Set_RX_DQM_DelayLine_Phy_Byte.isra.1	0	static
dramc_pi_calibration_api.c:1173:13:Set_RX_DQ_DelayLine_Phy_Byte.isra.3	16	static
dramc_pi_calibration_api.c:914:22:ExecuteMoveDramCDelay.isra.4	16	static
dramc_pi_calibration_api.c:953:13:MoveDramC_TX_DQS.isra.5	24	static
dramc_pi_calibration_api.c:1002:13:MoveDramC_TX_DQS_OEN.isra.7	24	static
dramc_pi_calibration_api.c:1053:13:MoveDramC_TX_DQ.isra.9	40	static
dramc_pi_calibration_api.c:1252:13:vSetDramMRWriteLevelingOnOff	0	static
dramc_pi_calibration_api.c:48:6:vPrintCalibrationBasicInfo	0	static
dramc_pi_calibration_api.c:60:6:vIO32WriteFldAlign_Phy_All	8	static
dramc_pi_calibration_api.c:825:6:O1PathOnOff.part.14	8	static
dramc_pi_calibration_api.c:70:6:vApplyConfigAfterCalibration	16	static
dramc_pi_calibration_api.c:114:6:vApplyConfigBeforeCalibration	16	static
dramc_pi_calibration_api.c:162:6:vApplyConfigBeforeCalibration_PC2	16	static
dramc_pi_calibration_api.c:210:6:DramPhyReset	56	static
dramc_pi_calibration_api.c:2073:13:SetRxDqDqsDelay	32	static
dramc_pi_calibration_api.c:2537:13:dle_factor_handler	8	static
dramc_pi_calibration_api.c:262:6:DramcSwImpedanceSaveRegister	16	static
dramc_pi_calibration_api.c:278:15:DramcSwImpedanceCal	24	static
dramc_pi_calibration_api.c:825:6:O1PathOnOff	8	static
dramc_pi_calibration_api.c:1271:15:DramcWriteLeveling	96	static
dramc_pi_calibration_api.c:1663:15:DramcRxdqsGatingCal	144	static
dramc_pi_calibration_api.c:2134:15:DramcRxWindowPerbitCal	448	static
dramc_pi_calibration_api.c:2616:4:DramcRxdatlatScan	56	static
dramc_pi_calibration_api.c:2761:15:DramcRxdatlatCal	8	static
dramc_pi_calibration_api.c:2832:15:DramcTxWindowPerbitCal	608	static
